[INFO] Scanning for projects...
[INFO] 
[INFO] ----------------------< com.neuralhealer:backend >----------------------
[INFO] Building neuralhealer-backend 2.0.0
[INFO]   from pom.xml
[INFO] --------------------------------[ jar ]---------------------------------
[INFO] 
[INFO] --- resources:3.3.1:resources (default-resources) @ backend ---
[INFO] Copying 3 resources from src\main\resources to target\classes
[INFO] Copying 25 resources from src\main\resources to target\classes
[INFO] 
[INFO] --- compiler:3.11.0:compile (default-compile) @ backend ---
[INFO] Changes detected - recompiling the module! :source
[INFO] Compiling 166 source files with javac [debug release 21] to target\classes
[INFO] -------------------------------------------------------------
[ERROR] COMPILATION ERROR : 
[INFO] -------------------------------------------------------------
[ERROR] /F:/documents/Nuralhealer-main/Nuralhealer/backend/backend/src/main/java/com/neuralhealer/backend/service/AuthService.java:[141,6] cannot find symbol
  symbol:   class Async
  location: class com.neuralhealer.backend.service.AuthService
[INFO] 1 error
[INFO] -------------------------------------------------------------
[INFO] ------------------------------------------------------------------------
[INFO] BUILD FAILURE
[INFO] ------------------------------------------------------------------------
[INFO] Total time:  7.996 s
[INFO] Finished at: 2026-02-14T03:56:52+02:00
[INFO] ------------------------------------------------------------------------
[ERROR] Failed to execute goal org.apache.maven.plugins:maven-compiler-plugin:3.11.0:compile (default-compile) on project backend: Compilation failure
[ERROR] /F:/documents/Nuralhealer-main/Nuralhealer/backend/backend/src/main/java/com/neuralhealer/backend/service/AuthService.java:[141,6] cannot find symbol
[ERROR]   symbol:   class Async
[ERROR]   location: class com.neuralhealer.backend.service.AuthService
[ERROR] 
[ERROR] -> [Help 1]
[ERROR] 
[ERROR] To see the full stack trace of the errors, re-run Maven with the -e switch.
[ERROR] Re-run Maven using the -X switch to enable full debug logging.
[ERROR] 
[ERROR] For more information about the errors and possible solutions, please read the following articles:
[ERROR] [Help 1] http://cwiki.apache.org/confluence/display/MAVEN/MojoFailureException
