[INFO] Scanning for projects...
[INFO] 
[INFO] ----------------------< com.neuralhealer:backend >----------------------
[INFO] Building neuralhealer-backend 0.5.0
[INFO]   from pom.xml
[INFO] --------------------------------[ jar ]---------------------------------
[INFO] 
[INFO] --- clean:3.3.2:clean (default-clean) @ backend ---
[INFO] Deleting F:\documents\Nuralhealer-main\Nuralhealer\backend\backend\target
[INFO] 
[INFO] --- resources:3.3.1:resources (default-resources) @ backend ---
[INFO] Copying 3 resources from src\main\resources to target\classes
[INFO] Copying 9 resources from src\main\resources to target\classes
[INFO] 
[INFO] --- compiler:3.11.0:compile (default-compile) @ backend ---
[INFO] Changes detected - recompiling the module! :source
[INFO] Compiling 103 source files with javac [debug release 21] to target\classes
[INFO] -------------------------------------------------------------
[ERROR] COMPILATION ERROR : 
[INFO] -------------------------------------------------------------
[ERROR] /F:/documents/Nuralhealer-main/Nuralhealer/backend/backend/src/main/java/com/neuralhealer/backend/service/EngagementService.java:[35,19] cannot find symbol
  symbol:   class NotificationService
  location: class com.neuralhealer.backend.service.EngagementService
[ERROR] /F:/documents/Nuralhealer-main/Nuralhealer/backend/backend/src/main/java/com/neuralhealer/backend/service/EngagementService.java:[21,1] cannot find symbol
  symbol:   class NotificationService
  location: class com.neuralhealer.backend.service.EngagementService
[INFO] 2 errors 
[INFO] -------------------------------------------------------------
[INFO] ------------------------------------------------------------------------
[INFO] BUILD FAILURE
[INFO] ------------------------------------------------------------------------
[INFO] Total time:  6.084 s
[INFO] Finished at: 2026-01-25T20:24:02+02:00
[INFO] ------------------------------------------------------------------------
[ERROR] Failed to execute goal org.apache.maven.plugins:maven-compiler-plugin:3.11.0:compile (default-compile) on project backend: Compilation failure: Compilation failure: 
[ERROR] /F:/documents/Nuralhealer-main/Nuralhealer/backend/backend/src/main/java/com/neuralhealer/backend/service/EngagementService.java:[35,19] cannot find symbol
[ERROR]   symbol:   class NotificationService
[ERROR]   location: class com.neuralhealer.backend.service.EngagementService
[ERROR] /F:/documents/Nuralhealer-main/Nuralhealer/backend/backend/src/main/java/com/neuralhealer/backend/service/EngagementService.java:[21,1] cannot find symbol
[ERROR]   symbol:   class NotificationService
[ERROR]   location: class com.neuralhealer.backend.service.EngagementService
[ERROR] -> [Help 1]
[ERROR] 
[ERROR] To see the full stack trace of the errors, re-run Maven with the -e switch.
[ERROR] Re-run Maven using the -X switch to enable full debug logging.
[ERROR] 
[ERROR] For more information about the errors and possible solutions, please read the following articles:
[ERROR] [Help 1] http://cwiki.apache.org/confluence/display/MAVEN/MojoFailureException
